
Running 2 tests using 1 worker

Starting Homepage Navigation Test
Found 'Experiment' text matches: 2
Found experiment links count: 1
Identified Link href: #/case-studies
Current URL after click: http://localhost:3000/#/case-studies
  Γ£ô  1 [chromium] ΓÇ║ tests\e2e\growth-lab.spec.ts:9:5 ΓÇ║ Growth Lab Redesign Verification ΓÇ║ Homepage show experiments and navigate to detail (13.1s)
Starting Experiment Detail Verification
Header visible: 150% Organic Traffic Growth for Niche E-commerce
Detail page sections verified
  Γ£ô  2 [chromium] ΓÇ║ tests\e2e\growth-lab.spec.ts:41:5 ΓÇ║ Growth Lab Redesign Verification ΓÇ║ Experiment Detail Page displays analytical sections (1.8s)

  2 passed (41.5s)
